🗑️deprecated\solution-middleware-registration.skill\Implementation\App.Host.csproj.extend\MiddlewareRegistration.cs.create.md
🧩validated\solution-command-integration.skill\Implementation\Shared.csproj.extend\ICommand.cs.create.md
🧩validated\solution-command-integration.skill\Implementation\{Module}.Interfaces.csproj.extend\{Command}.cs.create.md
🧩validated\solution-entity-concurrency-change.skill\Implementation\App.Host.csproj.extend\EntityVersionResolverRegistration.cs.create.md
🧩validated\solution-entity-concurrency-change.skill\Implementation\App.Infrastructure.csproj.extend\EntityVersionResolverFactory.cs.create.md
🧩validated\solution-entity-concurrency-change.skill\Implementation\BuildingBlocks.csproj.extend\ConcurrencyBehavior.cs.create.md
🧩validated\solution-entity-concurrency-change.skill\Implementation\Shared.csproj.extend\IEntityVersionResolver.cs.create.md
🧩validated\solution-entity-concurrency-change.skill\Implementation\Shared.csproj.extend\IHasVersions.cs.create.md
🧩validated\solution-entity-concurrency-change.skill\Implementation\Shared.csproj.extend\IVersioned.cs.create.md
🧩validated\solution-entity-concurrency-change.skill\Implementation\{Module}.Api.csproj.extend\Single{Entity}Controller.cs.extend.md
🧩validated\solution-entity-concurrency-change.skill\Implementation\{Module}.Domain.csproj.extend\{EntityName}.cs.extend.md
🧩validated\solution-entity-edit-timestamp.skill\Implementation\App.Infrastructure.csproj.extend\AppDbContext.cs.extend.md
🧩validated\solution-entity-edit-timestamp.skill\Implementation\Shared.csproj.extend\ICommandWithTimestamp.cs.create.md
🧩validated\solution-entity-edit-timestamp.skill\Implementation\Shared.csproj.extend\ICreationInfoModel.cs.create.md
🧩validated\solution-entity-edit-timestamp.skill\Implementation\Shared.csproj.extend\IUpdateInfoModel.cs.create.md
🧩validated\solution-entity-edit-timestamp.skill\Implementation\{Module}.Interfaces.csproj.extend\{Command}.cs.extend.md
🧩validated\solution-external-created-entity.skill\Implementation\BuildingBlocks.csproj.extend\GuidResolvingBehavior.cs.create.md
🧩validated\solution-external-created-entity.skill\Implementation\Shared.csproj.extend\ConflictResult.cs.create.md
🧩validated\solution-external-created-entity.skill\Implementation\Shared.csproj.extend\IGuidResolver.cs.create.md
🧩validated\solution-external-created-entity.skill\Implementation\Shared.csproj.extend\IHasGuid.cs.create.md
🧩validated\solution-external-created-entity.skill\Implementation\{Module}.Interfaces.csproj.extend\{Command}.cs.extend.md
🧩validated\solution-http-api-publication.skill\Implementation\{Module}.Api.csproj.extend\Single{Entity}Controller.cs.create.md
🧩validated\solution-pipeline-registration-order.skill\Implementation\App.Host.csproj.extend\PipelineRegistration.cs.extend.md
🧩validated\solution-pipeline-registration.skill\Implementation\App.Host.csproj.extend\PipelineRegistration.cs.create.md
🧩validated\solution-query-integration.skill\Implementation\App.Queries.csproj.extend\CrossModuleQueryHandler.cs.create.md
🧩validated\solution-query-integration.skill\Implementation\Shared.csproj.extend\IQuery.cs.create.md
🧩validated\solution-query-integration.skill\Implementation\{Module}.Interfaces.csproj.extend\{Dto}.cs.create.md
🧩validated\solution-query-integration.skill\Implementation\{Module}.Interfaces.csproj.extend\{Query}.cs.create.md
🧩validated\solution-repository-integration.skill\Implementation\App.Infrastructure.csproj.extend\Repository.cs.create.md
🧩validated\solution-unit-of-work.skill\Implementation\App.Infrastructure.csproj.extend\UnitOfWork.cs.create.md
🧩validated\solution-validation-behavior.skill\Implementation\BuildingBlocks.csproj.extend\ValidationBehavior.cs.create.md
Total: 31
