🗑️deprecated\solution-middleware-registration.skill\solution-middleware-registration.skill.md: non-link bullets=0
  🧩validated\solution-command-integration.skill\solution-command-integration.skill.md [MUST] - Handler structure: load → guard → domain call → stage → return result
  🧩validated\solution-command-integration.skill\solution-command-integration.skill.md [MUST] - All entity loading in handlers uses named specs from [[skills/dotnet/architecture/solutions/🧩valid
  🧩validated\solution-command-integration.skill\solution-command-integration.skill.md [MUST] - Cross-module writes dispatched via `_mediator.Send()` — never direct calls
  🧩validated\solution-command-integration.skill\solution-command-integration.skill.md [MUST] - Each module has `Register{ModuleName}Module()` extension method
  🧩validated\solution-command-integration.skill\solution-command-integration.skill.md [MUST] - Handlers and validators registered via assembly scan — never manually
  🧩validated\solution-command-integration.skill\solution-command-integration.skill.md [MUST] - Validator file named `{FeatureName}.Validator.cs`, class named `{FeatureName}Validator`
  🧩validated\solution-command-integration.skill\solution-command-integration.skill.md [MUST] - Validators registered via `AddValidatorsFromAssembly` in module registration — this also registers
  🧩validated\solution-command-integration.skill\solution-command-integration.skill.md [MUST] - No validator for query handlers
  🧩validated\solution-command-integration.skill\solution-command-integration.skill.md [SHOULD] - Guard checks return early before domain call — fail fast pattern
  🧩validated\solution-command-integration.skill\solution-command-integration.skill.md [SHOULD] - Handler follow the exact load → guard → domain call → stage → return sequence
  🧩validated\solution-command-integration.skill\solution-command-integration.skill.md [SHOULD] - Use the transport validation boundary table to decide what belongs in validator vs handler vs doma
  🧩validated\solution-command-integration.skill\solution-command-integration.skill.md [MUST NOT] - Handler contain business logic — delegate to domain
  🧩validated\solution-command-integration.skill\solution-command-integration.skill.md [MUST NOT] - Handler call `SaveChangesAsync` — Unit of Work owns commit
  🧩validated\solution-command-integration.skill\solution-command-integration.skill.md [MUST NOT] - Handler reference another module's Domain or Application directly
  🧩validated\solution-command-integration.skill\solution-command-integration.skill.md [MUST NOT] - Validator contain business rules — transport correctness only
  🧩validated\solution-command-integration.skill\solution-command-integration.skill.md [MUST NOT] - Validator inject repositories or services — purely declarative
  🧩validated\solution-command-integration.skill\solution-command-integration.skill.md [MUST NOT] - Pipeline behaviors registered inside any module's registration method
🧩validated\solution-command-integration.skill\solution-command-integration.skill.md: non-link bullets=17
  🧩validated\solution-domain-behaviour.skill\solution-domain-behaviour.skill.md [MUST] - Every entity property mutation validates state through domain rules before assigning
  🧩validated\solution-domain-behaviour.skill\solution-domain-behaviour.skill.md [MUST] - Every entity method that changes state validates through domain rules before mutating
  🧩validated\solution-domain-behaviour.skill\solution-domain-behaviour.skill.md [MUST] - `DomainException` thrown when a rule returns `false`
  🧩validated\solution-domain-behaviour.skill\solution-domain-behaviour.skill.md [MUST] - Bulky logic extracted to static extension methods in `{Module}.Domain/Services`
  🧩validated\solution-domain-behaviour.skill\solution-domain-behaviour.skill.md [MUST] - Service extensions delegate all validation to domain rules
  🧩validated\solution-domain-behaviour.skill\solution-domain-behaviour.skill.md [MUST] - A single entity property must not have multiple uncoordinated public mutation points
  🧩validated\solution-domain-behaviour.skill\solution-domain-behaviour.skill.md [SHOULD] - Keep entity methods small and delegate complex calculations to service extensions
  🧩validated\solution-domain-behaviour.skill\solution-domain-behaviour.skill.md [SHOULD] - Name service files after the behavior they encapsulate
  🧩validated\solution-domain-behaviour.skill\solution-domain-behaviour.skill.md [MUST NOT] - Reimplement rule logic inline inside entity methods or service extensions
  🧩validated\solution-domain-behaviour.skill\solution-domain-behaviour.skill.md [MUST NOT] - Mutate state before validating with rules
  🧩validated\solution-domain-behaviour.skill\solution-domain-behaviour.skill.md [MUST NOT] - Allow invalid state to persist silently
  🧩validated\solution-domain-behaviour.skill\solution-domain-behaviour.skill.md [MUST NOT] - Let a service extension bypass entity methods and write directly to properties
  🧩validated\solution-domain-behaviour.skill\solution-domain-behaviour.skill.md [MUST NOT] - Duplicate invariant logic across setters, methods, or service extensions
🧩validated\solution-domain-behaviour.skill\solution-domain-behaviour.skill.md: non-link bullets=13
  🧩validated\solution-domain-configuration.skill\solution-domain-configuration.skill.md [MUST] - `TableName` defined as `public const string`
  🧩validated\solution-domain-configuration.skill\solution-domain-configuration.skill.md [MUST] - All index and constraint names defined as `public const string` constants
  🧩validated\solution-domain-configuration.skill\solution-domain-configuration.skill.md [MUST] - `OwnsOne` configured for every multi-property VO property
  🧩validated\solution-domain-configuration.skill\solution-domain-configuration.skill.md [MUST] - All configurations registered via `ApplyConfigurationsFromAssembly`
  🧩validated\solution-domain-configuration.skill\solution-domain-configuration.skill.md [MUST] - Domain entities have zero EF attributes
  🧩validated\solution-domain-configuration.skill\solution-domain-configuration.skill.md [MUST NOT] - Use EF data annotations on domain entities
  🧩validated\solution-domain-configuration.skill\solution-domain-configuration.skill.md [MUST NOT] - Define table, index, or constraint names as inline strings
  🧩validated\solution-domain-configuration.skill\solution-domain-configuration.skill.md [MUST NOT] - Use `static` instead of `const` for `TableName`, index, or constraint names
  🧩validated\solution-domain-configuration.skill\solution-domain-configuration.skill.md [MUST NOT] - Put mapping logic in `DbContext.OnModelCreating` directly
  🧩validated\solution-domain-configuration.skill\solution-domain-configuration.skill.md [MUST NOT] - Configure cross-module foreign keys in Domain config
🧩validated\solution-domain-configuration.skill\solution-domain-configuration.skill.md: non-link bullets=10
  🧩validated\solution-entity-classification.skill\solution-entity-classification.skill.md [MUST] - Classify every domain entity into exactly one of the four types before writing its code, configura
  🧩validated\solution-entity-classification.skill\solution-entity-classification.skill.md [MUST] - **Internal Immutable** entities:
  🧩validated\solution-entity-classification.skill\solution-entity-classification.skill.md [MUST] - Have only the internal `int Id` identity.
  🧩validated\solution-entity-classification.skill\solution-entity-classification.skill.md [MUST] - Do not have a `Version` property or implement `IVersioned`.
  🧩validated\solution-entity-classification.skill\solution-entity-classification.skill.md [MUST] - Do not have a `Guid` property or implement `IHasGuid`.
  🧩validated\solution-entity-classification.skill\solution-entity-classification.skill.md [MUST] - Do not apply `solution-entity-concurrency-change.skill` or `solution-external-created-entity.skill
  🧩validated\solution-entity-classification.skill\solution-entity-classification.skill.md [MUST] - **External Immutable** entities:
  🧩validated\solution-entity-classification.skill\solution-entity-classification.skill.md [MUST] - Have `public Guid Guid { get; internal set; }` set once in the factory method.
  🧩validated\solution-entity-classification.skill\solution-entity-classification.skill.md [MUST] - Have a unique database index on `Guid`.
  🧩validated\solution-entity-classification.skill\solution-entity-classification.skill.md [MUST] - Implement `solution-external-created-entity.skill` fully.
  🧩validated\solution-entity-classification.skill\solution-entity-classification.skill.md [MUST] - Do not have a `Version` property or implement `IVersioned`.
  🧩validated\solution-entity-classification.skill\solution-entity-classification.skill.md [MUST] - Do not apply `solution-entity-concurrency-change.skill`.
  🧩validated\solution-entity-classification.skill\solution-entity-classification.skill.md [MUST] - **Internal Mutable** entities:
  🧩validated\solution-entity-classification.skill\solution-entity-classification.skill.md [MUST] - Have `public uint Version { get; internal set; }` mapped to PostgreSQL `xmin`.
  🧩validated\solution-entity-classification.skill\solution-entity-classification.skill.md [MUST] - Implement `IVersioned`.
  🧩validated\solution-entity-classification.skill\solution-entity-classification.skill.md [MUST] - Update and patch commands implement `IHasVersions`.
  🧩validated\solution-entity-classification.skill\solution-entity-classification.skill.md [MUST] - Implement `solution-entity-concurrency-change.skill` fully.
  🧩validated\solution-entity-classification.skill\solution-entity-classification.skill.md [MUST] - Do not have a `Guid` property or implement `IHasGuid`.
  🧩validated\solution-entity-classification.skill\solution-entity-classification.skill.md [MUST] - Do not apply `solution-external-created-entity.skill`.
  🧩validated\solution-entity-classification.skill\solution-entity-classification.skill.md [MUST] - **External Mutable** entities:
  🧩validated\solution-entity-classification.skill\solution-entity-classification.skill.md [MUST] - Have both `public Guid Guid { get; internal set; }` and `public uint Version { get; internal set; 
  🧩validated\solution-entity-classification.skill\solution-entity-classification.skill.md [MUST] - Implement both `IVersioned` and `IHasGuid` where applicable.
  🧩validated\solution-entity-classification.skill\solution-entity-classification.skill.md [MUST] - Apply both `solution-entity-concurrency-change.skill` and `solution-external-created-entity.skill`
  🧩validated\solution-entity-classification.skill\solution-entity-classification.skill.md [MUST] - Document the classification decision for every entity in a discoverable location (e.g., entity con
  🧩validated\solution-entity-classification.skill\solution-entity-classification.skill.md [MUST] - Re-evaluate classification when the entity's ownership or mutability requirements change.
  🧩validated\solution-entity-classification.skill\solution-entity-classification.skill.md [SHOULD] - Name the classification in entity configuration comments or a dedicated `ENTITY_CLASSIFICATION.md`
  🧩validated\solution-entity-classification.skill\solution-entity-classification.skill.md [SHOULD] - Review classifications during domain model refactoring or story planning.
  🧩validated\solution-entity-classification.skill\solution-entity-classification.skill.md [SHOULD] - Treat external `Guid` as a correlation handle and internal `Id` as the domain identity, even when 
  🧩validated\solution-entity-classification.skill\solution-entity-classification.skill.md [MUST NOT] - Apply `solution-entity-concurrency-change.skill` to immutable entities.
  🧩validated\solution-entity-classification.skill\solution-entity-classification.skill.md [MUST NOT] - Apply `solution-external-created-entity.skill` to internal entities.
  🧩validated\solution-entity-classification.skill\solution-entity-classification.skill.md [MUST NOT] - Apply a dependency solution partially or omit required parts for a classified type.
  🧩validated\solution-entity-classification.skill\solution-entity-classification.skill.md [MUST NOT] - Use `Guid` as the primary domain identity or foreign key for internal entities.
  🧩validated\solution-entity-classification.skill\solution-entity-classification.skill.md [MUST NOT] - Use `Version` / `IVersioned` for entities that never change after creation.
  🧩validated\solution-entity-classification.skill\solution-entity-classification.skill.md [MUST NOT] - Leave an entity unclassified or classify it at aggregate/module level instead of entity level.
  🧩validated\solution-entity-classification.skill\solution-entity-classification.skill.md [MUST NOT] - Change classification without updating the implemented infrastructure accordingly.
🧩validated\solution-entity-classification.skill\solution-entity-classification.skill.md: non-link bullets=35
  🧩validated\solution-entity-concurrency-change.skill\solution-entity-concurrency-change.skill.md [MUST] - Every mutable entity has `public uint Version { get; internal set; }`
  🧩validated\solution-entity-concurrency-change.skill\solution-entity-concurrency-change.skill.md [MUST] - Every mutable entity configuration maps `Version` to `xmin` with `IsConcurrencyToken()` and `Value
  🧩validated\solution-entity-concurrency-change.skill\solution-entity-concurrency-change.skill.md [MUST] - Each `{Entity}VersionResolver` uses `IReadRepository<{Entity}>` and the module's `{Entity}ByIdSpec
  🧩validated\solution-entity-concurrency-change.skill\solution-entity-concurrency-change.skill.md [MUST] - GET responses for mutable entities include `ETag` header with encoded versions
  🧩validated\solution-entity-concurrency-change.skill\solution-entity-concurrency-change.skill.md [MUST] - PUT/PATCH endpoints check `If-Match` presence — return 412 if missing or malformed
  🧩validated\solution-entity-concurrency-change.skill\solution-entity-concurrency-change.skill.md [MUST] - DTOs returned by GET for mutable entities include `Version` field
  🧩validated\solution-entity-concurrency-change.skill\solution-entity-concurrency-change.skill.md [MUST NOT] - Entity name keys use C# type names — breaks on entity rename
🧩validated\solution-entity-concurrency-change.skill\solution-entity-concurrency-change.skill.md: non-link bullets=7
  🧩validated\solution-entity-edit-timestamp.skill\solution-entity-edit-timestamp.skill.md [MUST] - `OnBeforeSaving()` uses `DateTimeOffset.UtcNow` as the server time source.
🧩validated\solution-entity-edit-timestamp.skill\solution-entity-edit-timestamp.skill.md: non-link bullets=1
  🧩validated\solution-external-created-entity.skill\solution-external-created-entity.skill.md [MUST] - External-created entities have `public Guid Guid { get; internal set; }`
  🧩validated\solution-external-created-entity.skill\solution-external-created-entity.skill.md [MUST] - `Guid` set exactly once in the entity factory method — never reassigned
  🧩validated\solution-external-created-entity.skill\solution-external-created-entity.skill.md [MUST] - Unique index on `Guid` configured with named constant `UX_Guid` in entity configuration
  🧩validated\solution-external-created-entity.skill\solution-external-created-entity.skill.md [MUST] - `{Entity}ByGuidSpec` defined in `/{Module}.Application/Specifications`
  🧩validated\solution-external-created-entity.skill\solution-external-created-entity.skill.md [MUST] - One `Create{Entity}GuidResolver` per external-created entity type in `/{Module}.Application/Resolv
  🧩validated\solution-external-created-entity.skill\solution-external-created-entity.skill.md [MUST] - `Create{Entity}Result` contains only the entity Id
  🧩validated\solution-external-created-entity.skill\solution-external-created-entity.skill.md [MUST] - 409 response body contains the existing entity result — which is `{ id: ... }` because the result 
  🧩validated\solution-external-created-entity.skill\solution-external-created-entity.skill.md [MUST] - Pipeline behaviors registered via centralized `PipelineRegistration` in App.Host
  🧩validated\solution-external-created-entity.skill\solution-external-created-entity.skill.md [SHOULD] - Return `Result<Create{Entity}Result>.Created(new Create{Entity}Result(id))` from the handler on su
  🧩validated\solution-external-created-entity.skill\solution-external-created-entity.skill.md [MUST NOT] - Guid used in domain logic, domain events, relationships, or routes after creation
  🧩validated\solution-external-created-entity.skill\solution-external-created-entity.skill.md [MUST NOT] - Guid regenerated or changed after entity creation
  🧩validated\solution-external-created-entity.skill\solution-external-created-entity.skill.md [MUST NOT] - Resolver throw exceptions — null means not found, non-null means exists
  🧩validated\solution-external-created-entity.skill\solution-external-created-entity.skill.md [MUST NOT] - `Create{Entity}Result` carry fields beyond the entity Id for external-created entities
  🧩validated\solution-external-created-entity.skill\solution-external-created-entity.skill.md [MUST NOT] - Per-controller handling for Guid conflicts — conflict is expressed as `Result<T>` and mapped by th
  🧩validated\solution-external-created-entity.skill\solution-external-created-entity.skill.md [MUST NOT] - Define a dedicated HTTP middleware for conflict handling
🧩validated\solution-external-created-entity.skill\solution-external-created-entity.skill.md: non-link bullets=15
  🧩validated\solution-http-api-publication.skill\solution-http-api-publication.skill.md [MUST] - API layer is a thin HTTP adapter — map input, dispatch once, map output
  🧩validated\solution-http-api-publication.skill\solution-http-api-publication.skill.md [MUST] - All error responses use `ProblemDetails`
  🧩validated\solution-http-api-publication.skill\solution-http-api-publication.skill.md [MUST] - Every `ResultStatus` handler can return has an explicit `[ProducesResponseType]`
  🧩validated\solution-http-api-publication.skill\solution-http-api-publication.skill.md [MUST] - Unexpected `ResultStatus` throws `InvalidOperationException` in `switch` default arm
  🧩validated\solution-http-api-publication.skill\solution-http-api-publication.skill.md [MUST] - Routes use kebab-case, singular nouns, `int` route constraints for IDs
  🧩validated\solution-http-api-publication.skill\solution-http-api-publication.skill.md [MUST] - `ResultStatus.Ok` → 200 OK
  🧩validated\solution-http-api-publication.skill\solution-http-api-publication.skill.md [MUST] - `ResultStatus.Created` → 201 Created with `CreatedAtAction`
  🧩validated\solution-http-api-publication.skill\solution-http-api-publication.skill.md [MUST] - `ResultStatus.NoContent` → 204 No Content
  🧩validated\solution-http-api-publication.skill\solution-http-api-publication.skill.md [MUST] - `ResultStatus.Invalid` → 400 Bad Request with `ProblemDetails`
  🧩validated\solution-http-api-publication.skill\solution-http-api-publication.skill.md [MUST] - `ResultStatus.NotFound` → 404 Not Found with `ProblemDetails`
  🧩validated\solution-http-api-publication.skill\solution-http-api-publication.skill.md [MUST] - `ResultStatus.Conflict` → 409 Conflict with `ProblemDetails`
  🧩validated\solution-http-api-publication.skill\solution-http-api-publication.skill.md [MUST] - `ResultStatus.Error` → 500 Internal Server Error with `ProblemDetails`
  🧩validated\solution-http-api-publication.skill\solution-http-api-publication.skill.md [MUST] - Any other `ResultStatus` → throw `InvalidOperationException`
  🧩validated\solution-http-api-publication.skill\solution-http-api-publication.skill.md [MUST] - Each module that publishes HTTP APIs exposes a public static `{Module}ApiSwaggerRegistration` clas
  🧩validated\solution-http-api-publication.skill\solution-http-api-publication.skill.md [MUST] - `{Module}ApiSwaggerRegistration` declares `DocumentName`, `Title`, `Version`, and `MatchesRoute(st
  🧩validated\solution-http-api-publication.skill\solution-http-api-publication.skill.md [SHOULD] - `[Route]` use `{entity}` singular noun — not plural
  🧩validated\solution-http-api-publication.skill\solution-http-api-publication.skill.md [MUST NOT] - Undocumented HTTP responses returned — every response shape declared in `ProducesResponseType`
  🧩validated\solution-http-api-publication.skill\solution-http-api-publication.skill.md [MUST NOT] - Use a single monolithic `v1` Swagger document that contains all module routes
  🧩validated\solution-http-api-publication.skill\solution-http-api-publication.skill.md [MUST NOT] - Include routes from one module in another module's Swagger definition
🧩validated\solution-http-api-publication.skill\solution-http-api-publication.skill.md: non-link bullets=19
  🧩validated\solution-pipeline-registration-order.skill\solution-pipeline-registration-order.skill.md [MUST] - `AddPipeline()` called once from `Program.cs`
  🧩validated\solution-pipeline-registration-order.skill\solution-pipeline-registration-order.skill.md [MUST] - All behaviors registered inside `AddPipeline()` using `services.AddTransient(typeof(IPipelineBehav
  🧩validated\solution-pipeline-registration-order.skill\solution-pipeline-registration-order.skill.md [MUST] - Behaviors registered in this exact execution order:
  🧩validated\solution-pipeline-registration-order.skill\solution-pipeline-registration-order.skill.md [SHOULD] - Keep `AddPipeline()` the only method that adds `IPipelineBehavior<,>` registrations
  🧩validated\solution-pipeline-registration-order.skill\solution-pipeline-registration-order.skill.md [SHOULD] - Document the ordering with inline comments in `AddPipeline()`
  🧩validated\solution-pipeline-registration-order.skill\solution-pipeline-registration-order.skill.md [MUST NOT] - Register behaviors inside module registration methods
  🧩validated\solution-pipeline-registration-order.skill\solution-pipeline-registration-order.skill.md [MUST NOT] - Change pipeline order in multiple files
  🧩validated\solution-pipeline-registration-order.skill\solution-pipeline-registration-order.skill.md [MUST NOT] - Create multiple pipeline registration extension methods
  🧩validated\solution-pipeline-registration-order.skill\solution-pipeline-registration-order.skill.md [MUST NOT] - Register behaviors directly in `Program.cs`
🧩validated\solution-pipeline-registration-order.skill\solution-pipeline-registration-order.skill.md: non-link bullets=9
  🧩validated\solution-pipeline-registration.skill\solution-pipeline-registration.skill.md [MUST] - `AddPipeline()` called once from `Program.cs`
  🧩validated\solution-pipeline-registration.skill\solution-pipeline-registration.skill.md [MUST] - All behaviors registered inside `AddPipeline()` using `services.AddTransient(typeof(IPipelineBehav
  🧩validated\solution-pipeline-registration.skill\solution-pipeline-registration.skill.md [MUST] - Behaviors registered in intended execution order
  🧩validated\solution-pipeline-registration.skill\solution-pipeline-registration.skill.md [SHOULD] - Keep `AddPipeline()` the only method that adds `IPipelineBehavior<,>` registrations
  🧩validated\solution-pipeline-registration.skill\solution-pipeline-registration.skill.md [MUST NOT] - Register behaviors inside module registration methods
  🧩validated\solution-pipeline-registration.skill\solution-pipeline-registration.skill.md [MUST NOT] - Change pipeline order in multiple files
  🧩validated\solution-pipeline-registration.skill\solution-pipeline-registration.skill.md [MUST NOT] - Create multiple pipeline registration extension methods
🧩validated\solution-pipeline-registration.skill\solution-pipeline-registration.skill.md: non-link bullets=7
  🧩validated\solution-query-integration.skill\solution-query-integration.skill.md [MUST] - Queries declared as `record` in `/{Module}.Interfaces/Queries`
  🧩validated\solution-query-integration.skill\solution-query-integration.skill.md [MUST] - Single-module handlers in `/{Module}.Application/Queries` — inject `IReadRepository<T>`
  🧩validated\solution-query-integration.skill\solution-query-integration.skill.md [MUST] - Single-module handlers load via named specs — no inline LINQ
  🧩validated\solution-query-integration.skill\solution-query-integration.skill.md [MUST NOT] - Single-module handler use DbContext directly — use `IReadRepository<T>`
🧩validated\solution-query-integration.skill\solution-query-integration.skill.md: non-link bullets=4
  🧩validated\solution-repository-integration.skill\solution-repository-integration.skill.md [MUST] - Registered with `Scoped` lifetime
  🧩validated\solution-repository-integration.skill\solution-repository-integration.skill.md [MUST] - All entity loading in handlers uses a named spec — no inline `Where(...)` LINQ
  🧩validated\solution-repository-integration.skill\solution-repository-integration.skill.md [MUST] - All specifications for a module live in `/{Module}.Application/Specifications`
  🧩validated\solution-repository-integration.skill\solution-repository-integration.skill.md [MUST] - Cross-module JOIN specs live in `/App.Queries/Specifications`
  🧩validated\solution-repository-integration.skill\solution-repository-integration.skill.md [MUST] - Every entity loaded by Id has a `{Entity}ByIdSpec` in Application
  🧩validated\solution-repository-integration.skill\solution-repository-integration.skill.md [MUST] - Projection specs use `Specification<T, TResult>` — entity filter specs use `Specification<T>`
  🧩validated\solution-repository-integration.skill\solution-repository-integration.skill.md [MUST] - Spec name reflects query intent — not field names or implementation detail
  🧩validated\solution-repository-integration.skill\solution-repository-integration.skill.md [MUST NOT] - Application layer reference DbContext directly
  🧩validated\solution-repository-integration.skill\solution-repository-integration.skill.md [MUST NOT] - Spec call the database or reference DbContext
  🧩validated\solution-repository-integration.skill\solution-repository-integration.skill.md [MUST NOT] - Spec contain business logic — filtering, ordering, and projection only
  🧩validated\solution-repository-integration.skill\solution-repository-integration.skill.md [MUST NOT] - Handler contain inline `Where(...)` LINQ — always delegate to a named spec
  🧩validated\solution-repository-integration.skill\solution-repository-integration.skill.md [MUST NOT] - Specs placed in `{Module}.Domain` — all specs belong in Application
  🧩validated\solution-repository-integration.skill\solution-repository-integration.skill.md [MUST NOT] - Generic spec names used across multiple entities (`GetByIdSpec`) — name per entity
  🧩validated\solution-repository-integration.skill\solution-repository-integration.skill.md [MUST NOT] - Single-module specs live in App.Queries — they belong in the module's Application
🧩validated\solution-repository-integration.skill\solution-repository-integration.skill.md: non-link bullets=14
  🧩validated\solution-sln-structure.skill\solution-sln-structure.skill.md [MUST] - Each module has exactly Api, Application, Domain, Interfaces projects
  🧩validated\solution-sln-structure.skill\solution-sln-structure.skill.md [MUST] - Other modules reference only {ModuleName}.Interfaces
  🧩validated\solution-sln-structure.skill\solution-sln-structure.skill.md [MUST] - All cross-module writes go through MediatR command dispatch
  🧩validated\solution-sln-structure.skill\solution-sln-structure.skill.md [MUST] - Tests colocated with module
  🧩validated\solution-sln-structure.skill\solution-sln-structure.skill.md [MUST] - Every project belongs to exactly one layer
  🧩validated\solution-sln-structure.skill\solution-sln-structure.skill.md [MUST NOT] - Module reference another module's Domain
  🧩validated\solution-sln-structure.skill\solution-sln-structure.skill.md [MUST NOT] - Module reference another module's Application
  🧩validated\solution-sln-structure.skill\solution-sln-structure.skill.md [MUST NOT] - Domain reference any other module's project
  🧩validated\solution-sln-structure.skill\solution-sln-structure.skill.md [MUST NOT] - Api reference Domain or Application directly
  🧩validated\solution-sln-structure.skill\solution-sln-structure.skill.md [MUST NOT] - Any module Domain reference another module's project
  🧩validated\solution-sln-structure.skill\solution-sln-structure.skill.md [MUST NOT] - Any module Api reference Domain or Application directly
🧩validated\solution-sln-structure.skill\solution-sln-structure.skill.md: non-link bullets=11
  🧩validated\solution-soft-value-objects-and-dto-validators.skill\solution-soft-value-objects-and-dto-validators.skill.md [MUST] - `{Module}.Application` must call `AddValidatorsFromAssembly` for its own assembly so that property
  🧩validated\solution-soft-value-objects-and-dto-validators.skill\solution-soft-value-objects-and-dto-validators.skill.md [MUST] - For every RequestDto published in `/{Module}.Interfaces` there is a `{Dto}Validator` in `/{Module}
  🧩validated\solution-soft-value-objects-and-dto-validators.skill\solution-soft-value-objects-and-dto-validators.skill.md [MUST] - ResponseDto validators are created only when explicitly required, for example external contract va
  🧩validated\solution-soft-value-objects-and-dto-validators.skill\solution-soft-value-objects-and-dto-validators.skill.md [MUST] - Validators are registered by FluentValidation's assembly scan of `{Module}.Application`
  🧩validated\solution-soft-value-objects-and-dto-validators.skill\solution-soft-value-objects-and-dto-validators.skill.md [MUST] - Other modules consume validators through `IValidator<T>` resolved from DI
  🧩validated\solution-soft-value-objects-and-dto-validators.skill\solution-soft-value-objects-and-dto-validators.skill.md [MUST] - Property validators and DTO validators validate values only by calling Rules
  🧩validated\solution-soft-value-objects-and-dto-validators.skill\solution-soft-value-objects-and-dto-validators.skill.md [MUST] - Property validators are stateless and have no infrastructure dependencies
  🧩validated\solution-soft-value-objects-and-dto-validators.skill\solution-soft-value-objects-and-dto-validators.skill.md [SHOULD] - Name DTO validator `{Dto}Validator`
  🧩validated\solution-soft-value-objects-and-dto-validators.skill\solution-soft-value-objects-and-dto-validators.skill.md [MUST NOT] - Validators inject repositories, `DbContext`, or services
  🧩validated\solution-soft-value-objects-and-dto-validators.skill\solution-soft-value-objects-and-dto-validators.skill.md [MUST NOT] - Validators contain business rules
  🧩validated\solution-soft-value-objects-and-dto-validators.skill\solution-soft-value-objects-and-dto-validators.skill.md [MUST NOT] - Other modules reference `{Module}.Domain` or `{Module}.Application` to validate values
  🧩validated\solution-soft-value-objects-and-dto-validators.skill\solution-soft-value-objects-and-dto-validators.skill.md [MUST NOT] - Property validators or DTO validators contain inline FluentValidation predicates that duplicate Ru
🧩validated\solution-soft-value-objects-and-dto-validators.skill\solution-soft-value-objects-and-dto-validators.skill.md: non-link bullets=12
  🧩validated\solution-unit-of-work.skill\solution-unit-of-work.skill.md [MUST] - Sub-commands safe to dispatch from handlers — depth counter prevents premature commit
🧩validated\solution-unit-of-work.skill\solution-unit-of-work.skill.md: non-link bullets=1
  🧩validated\solution-validation-behavior.skill\solution-validation-behavior.skill.md [MUST] - Collect all errors from all validators before returning — full error set, not first-error-only
  🧩validated\solution-validation-behavior.skill\solution-validation-behavior.skill.md [MUST] - Return `Result.Invalid(errors)` on failure — not throw an exception
  🧩validated\solution-validation-behavior.skill\solution-validation-behavior.skill.md [MUST] - Pass through when no validators registered — missing validator is not a fault
  🧩validated\solution-validation-behavior.skill\solution-validation-behavior.skill.md [MUST] - Pipeline behaviors registered via centralized `PipelineRegistration` in App.Host
  🧩validated\solution-validation-behavior.skill\solution-validation-behavior.skill.md [SHOULD] - `Transient` lifetime — new behavior instance per pipeline invocation
  🧩validated\solution-validation-behavior.skill\solution-validation-behavior.skill.md [MUST NOT] - Throw `ValidationException` — always return typed `Result.Invalid`
  🧩validated\solution-validation-behavior.skill\solution-validation-behavior.skill.md [MUST NOT] - Register behaviors inside module registration methods
🧩validated\solution-validation-behavior.skill\solution-validation-behavior.skill.md: non-link bullets=7
  🧩validated\solution-value-objects-and-rules.skill\solution-value-objects-and-rules.skill.md [MUST] - Multi-property VO has private parameterless constructor
  🧩validated\solution-value-objects-and-rules.skill\solution-value-objects-and-rules.skill.md [SHOULD] - Single-property VO has implicit conversion operators
  🧩validated\solution-value-objects-and-rules.skill\solution-value-objects-and-rules.skill.md [SHOULD] - All VOs override `ToString()` when used in logs or UI
  🧩validated\solution-value-objects-and-rules.skill\solution-value-objects-and-rules.skill.md [MUST NOT] - Primitive used in place of VO when the primitive carries business meaning
  🧩validated\solution-value-objects-and-rules.skill\solution-value-objects-and-rules.skill.md [MUST NOT] - Allow invalid state to persist silently
🧩validated\solution-value-objects-and-rules.skill\solution-value-objects-and-rules.skill.md: non-link bullets=5
