skills\dotnet\architecture\solutions\🧩validated\solution-command-integration.skill\Implementation\{Module}.Application.csproj.extend\{Module}ApplicationRegistration.cs.create.md
skills\dotnet\architecture\solutions\🧩validated\solution-entity-concurrency-change.skill\Implementation\BuildingBlocks.csproj.extend\ETagEncoder.cs.create.md
skills\dotnet\architecture\solutions\🧩validated\solution-entity-concurrency-change.skill\Implementation\Shared.csproj.extend\IEntityVersionResolverFactory.cs.create.md
skills\dotnet\architecture\solutions\🧩validated\solution-entity-concurrency-change.skill\Implementation\{Module}.Application.csproj.extend\{Entity}VersionResolver.cs.create.md
skills\dotnet\architecture\solutions\🧩validated\solution-entity-concurrency-change.skill\Implementation\{Module}.Domain.csproj.extend\{EntityName}Config.cs.extend.md
skills\dotnet\architecture\solutions\🧩validated\solution-entity-concurrency-change.skill\Implementation\{Module}.Interfaces.csproj.extend\{Command}.cs.extend.md
skills\dotnet\architecture\solutions\🧩validated\solution-entity-edit-timestamp.skill\Implementation\Shared.csproj.extend\ICreationInfoModelReadOnly.cs.create.md
skills\dotnet\architecture\solutions\🧩validated\solution-entity-edit-timestamp.skill\Implementation\Shared.csproj.extend\IUpdateInfoModelReadOnly.cs.create.md
skills\dotnet\architecture\solutions\🧩validated\solution-entity-edit-timestamp.skill\Implementation\{Module}.Application.csproj.extend\{FeatureName}.Handler.cs.extend.md
skills\dotnet\architecture\solutions\🧩validated\solution-entity-edit-timestamp.skill\Implementation\{Module}.Application.csproj.extend\{FeatureName}.Validator.cs.extend.md
skills\dotnet\architecture\solutions\🧩validated\solution-entity-edit-timestamp.skill\Implementation\{Module}.Domain.csproj.extend\{EntityName}.cs.extend.md
skills\dotnet\architecture\solutions\🧩validated\solution-entity-edit-timestamp.skill\Implementation\{Module}.Domain.csproj.extend\{EntityName}Config.cs.extend.md
skills\dotnet\architecture\solutions\🧩validated\solution-external-created-entity.skill\Implementation\{Module}.Api.csproj.extend\ConflictResultExtensions.cs.create.md
skills\dotnet\architecture\solutions\🧩validated\solution-external-created-entity.skill\Implementation\{Module}.Application.csproj.extend\Create{Entity}GuidResolver.cs.create.md
skills\dotnet\architecture\solutions\🧩validated\solution-external-created-entity.skill\Implementation\{Module}.Application.csproj.extend\{Entity}ByGuidSpec.cs.create.md
skills\dotnet\architecture\solutions\🧩validated\solution-external-created-entity.skill\Implementation\{Module}.Application.csproj.extend\{Module}ApplicationRegistration.cs.extend.md
skills\dotnet\architecture\solutions\🧩validated\solution-external-created-entity.skill\Implementation\{Module}.Domain.csproj.extend\{EntityName}.cs.extend.md
skills\dotnet\architecture\solutions\🧩validated\solution-external-created-entity.skill\Implementation\{Module}.Domain.csproj.extend\{EntityName}Config.cs.extend.md
skills\dotnet\architecture\solutions\🧩validated\solution-http-api-publication.skill\Implementation\App.Host.csproj.extend\ApiRegistration.cs.create.md
skills\dotnet\architecture\solutions\🧩validated\solution-http-api-publication.skill\Implementation\{Module}.Api.csproj.extend\ResultExtensions.cs.create.md
skills\dotnet\architecture\solutions\🧩validated\solution-http-api-publication.skill\Implementation\{Module}.Api.csproj.extend\Single{Entity}{Property}Controller.cs.create.md
skills\dotnet\architecture\solutions\🧩validated\solution-http-api-publication.skill\Implementation\{Module}.Api.csproj.extend\Single{Entity}{Related}Controller.cs.create.md
skills\dotnet\architecture\solutions\🧩validated\solution-http-api-publication.skill\Implementation\{Module}.Api.csproj.extend\{Entity}Controller.cs.create.md
skills\dotnet\architecture\solutions\🧩validated\solution-http-api-publication.skill\Implementation\{Module}.Api.csproj.extend\{Entity}{Related}Controller.cs.create.md
skills\dotnet\architecture\solutions\🧩validated\solution-http-api-publication.skill\Implementation\{Module}.Api.csproj.extend\{System}Endpoints.cs.create.md
skills\dotnet\architecture\solutions\🧩validated\solution-query-integration.skill\Implementation\App.Queries.csproj.extend\AppQueriesRegistration.cs.create.md
skills\dotnet\architecture\solutions\🧩validated\solution-query-integration.skill\Implementation\{Module}.Application.csproj.extend\{FeatureName}.Handler.cs.create.md
skills\dotnet\architecture\solutions\🧩validated\solution-repository-integration.skill\Implementation\App.Host.csproj.extend\RepositoryRegistration.cs.create.md
skills\dotnet\architecture\solutions\🧩validated\solution-repository-integration.skill\Implementation\Shared.csproj.extend\IReadRepository.cs.create.md
skills\dotnet\architecture\solutions\🧩validated\solution-repository-integration.skill\Implementation\Shared.csproj.extend\IRepository.cs.create.md
skills\dotnet\architecture\solutions\🧩validated\solution-repository-integration.skill\Implementation\{Module}.Application.csproj.extend\{Entity}ByIdSpec.cs.create.md
skills\dotnet\architecture\solutions\🧩validated\solution-repository-integration.skill\Implementation\{Module}.Application.csproj.extend\{Entity}SummarySpec.cs.create.md
skills\dotnet\architecture\solutions\🧩validated\solution-sln-structure.skill\Implementation\App.Host.csproj.create\ModuleRegistration.cs.create.md
skills\dotnet\architecture\solutions\🧩validated\solution-unit-of-work.skill\Implementation\App.Host.csproj.extend\RepositoryRegistration.cs.extend.md
skills\dotnet\architecture\solutions\🧩validated\solution-unit-of-work.skill\Implementation\BuildingBlocks.csproj.extend\UnitOfWorkBehavior.cs.create.md
skills\dotnet\architecture\solutions\🧩validated\solution-unit-of-work.skill\Implementation\BuildingBlocks.csproj.extend\UnitOfWorkContext.cs.create.md
skills\dotnet\architecture\solutions\🧩validated\solution-unit-of-work.skill\Implementation\Shared.csproj.extend\IUnitOfWork.cs.create.md
